../Core/Src/main.c:207:5:main	8	static
../Core/Src/main.c:344:6:Sensors_Init	8	static
../Core/Src/main.c:355:6:Filters_Init	8	static
../Core/Src/main.c:371:6:Kalman_Init	32	static
../Core/Src/main.c:382:6:Controllers_Init	8	static
../Core/Src/main.c:396:6:Update_Kalman	24	static
../Core/Src/main.c:414:6:Update_Controllers	16	static
../Core/Src/main.c:432:6:Update_Motors	24	static
../Core/Src/main.c:462:6:Debug_Print	40	static
../Core/Src/main.c:506:5:_write	24	static
../Core/Src/main.c:515:6:SystemClock_Config	88	static
../Core/Src/main.c:561:13:MX_I2C1_Init	8	static
../Core/Src/main.c:595:13:MX_TIM3_Init	64	static
../Core/Src/main.c:666:13:MX_TIM5_Init	32	static
../Core/Src/main.c:711:13:MX_USART1_UART_Init	8	static
../Core/Src/main.c:744:13:MX_USART2_UART_Init	8	static
../Core/Src/main.c:777:13:MX_USART3_UART_Init	8	static
../Core/Src/main.c:810:13:MX_GPIO_Init	48	static
../Core/Src/main.c:858:6:HAL_TIM_PeriodElapsedCallback	16	static
../Core/Src/main.c:875:6:Error_Handler	4	static,ignoring_inline_asm
