../Core/Src/main.c:173:5:main	8	static
../Core/Src/main.c:302:6:Sensors_Init	8	static
../Core/Src/main.c:313:6:Filters_Init	8	static
../Core/Src/main.c:329:6:Kalman_Init	32	static
../Core/Src/main.c:340:6:Controllers_Init	8	static
../Core/Src/main.c:354:6:Update_Kalman	24	static
../Core/Src/main.c:372:6:Update_Controllers	16	static
../Core/Src/main.c:390:6:Debug_Print	40	static
../Core/Src/main.c:425:5:_write	24	static
../Core/Src/main.c:434:6:SystemClock_Config	88	static
../Core/Src/main.c:480:13:MX_I2C1_Init	8	static
../Core/Src/main.c:514:13:MX_TIM3_Init	64	static
../Core/Src/main.c:585:13:MX_TIM5_Init	32	static
../Core/Src/main.c:630:13:MX_USART1_UART_Init	8	static
../Core/Src/main.c:663:13:MX_USART2_UART_Init	8	static
../Core/Src/main.c:696:13:MX_USART3_UART_Init	8	static
../Core/Src/main.c:729:13:MX_GPIO_Init	48	static
../Core/Src/main.c:777:6:HAL_TIM_PeriodElapsedCallback	16	static
../Core/Src/main.c:794:6:Error_Handler	4	static,ignoring_inline_asm
