../Core/Src/main.c:128:6:HAL_UART_RxCpltCallback	16	static
../Core/Src/main.c:168:5:_write	24	static
../Core/Src/main.c:174:5:main	8	static
../Core/Src/main.c:255:6:Modules_Init	32	static
../Core/Src/main.c:294:6:Process_Loop_100Hz	24	static
../Core/Src/main.c:375:6:Debug_Print	64	static
../Core/Src/main.c:427:6:SystemClock_Config	96	static
../Core/Src/main.c:474:13:MX_I2C1_Init	8	static
../Core/Src/main.c:519:13:MX_TIM1_Init	112	static
../Core/Src/main.c:607:13:MX_USART2_UART_Init	8	static
../Core/Src/main.c:640:13:MX_GPIO_Init	40	static
../Core/Src/main.c:676:6:HAL_TIM_PeriodElapsedCallback	16	static
../Core/Src/main.c:692:6:Error_Handler	4	static,ignoring_inline_asm
