../Core/Src/main.c:137:6:HAL_UART_RxCpltCallback	16	static
../Core/Src/main.c:161:5:main	8	static
../Core/Src/main.c:286:6:Sensors_Init	8	static
../Core/Src/main.c:296:6:Filters_Init	8	static
../Core/Src/main.c:317:6:Kalman_Init	32	static
../Core/Src/main.c:327:6:Controllers_Init	8	static
../Core/Src/main.c:340:6:Update_Kalman	24	static
../Core/Src/main.c:357:6:Update_Controllers	16	static
../Core/Src/main.c:376:6:Update_Motors	16	static
../Core/Src/main.c:406:6:Debug_Print	40	static
../Core/Src/main.c:443:5:_write	24	static
../Core/Src/main.c:451:6:SystemClock_Config	96	static
../Core/Src/main.c:498:13:MX_I2C1_Init	8	static
../Core/Src/main.c:543:13:MX_TIM1_Init	112	static
../Core/Src/main.c:631:13:MX_USART2_UART_Init	8	static
../Core/Src/main.c:664:13:MX_GPIO_Init	40	static
../Core/Src/main.c:700:6:HAL_TIM_PeriodElapsedCallback	16	static
../Core/Src/main.c:716:6:Error_Handler	4	static,ignoring_inline_asm
