17:11:40 **** Incremental Build of configuration Debug for project Testdrone ****
make -j20 all 
arm-none-eabi-gcc "../Core/Src/main.c" -mcpu=cortex-m4 -std=gnu11 -g3 -DDEBUG -DUSE_HAL_DRIVER -DSTM32F407xx -c -I../Core/Inc -I../Drivers/STM32F4xx_HAL_Driver/Inc -I../Drivers/STM32F4xx_HAL_Driver/Inc/Legacy -I../Drivers/CMSIS/Device/ST/STM32F4xx/Include -I../Drivers/CMSIS/Include -O0 -ffunction-sections -fdata-sections -Wall -u _printf_float -fstack-usage -fcyclomatic-complexity -MMD -MP -MF"Core/Src/main.d" -MT"Core/Src/main.o" --specs=nano.specs -mfpu=fpv4-sp-d16 -mfloat-abi=hard -mthumb -o "Core/Src/main.o"
../Core/Src/main.c: In function 'main':
../Core/Src/main.c:260:7: warning: implicit declaration of function 'printf' [-Wimplicit-function-declaration]
  260 |       printf("System initialized successfully!\r\n");
      |       ^~~~~~
../Core/Src/main.c:32:1: note: include '<stdio.h>' or provide a declaration of 'printf'
   31 | #include "PWMCTRL.h"
  +++ |+#include <stdio.h>
   32 | /* USER CODE END Includes */
../Core/Src/main.c:260:7: warning: incompatible implicit declaration of built-in function 'printf' [-Wbuiltin-declaration-mismatch]
  260 |       printf("System initialized successfully!\r\n");
      |       ^~~~~~
../Core/Src/main.c:260:7: note: include '<stdio.h>' or provide a declaration of 'printf'
../Core/Src/main.c:324:15: warning: implicit declaration of function 'Update_Motors'; did you mean 'Update_Controllers'? [-Wimplicit-function-declaration]
  324 |               Update_Motors();  // Apply PWM to motors
      |               ^~~~~~~~~~~~~
      |               Update_Controllers
../Core/Src/main.c: In function 'Sensors_Init':
../Core/Src/main.c:347:9: warning: incompatible implicit declaration of built-in function 'printf' [-Wbuiltin-declaration-mismatch]
  347 |         printf("MPU6050 initialized successfully!\r\n");
      |         ^~~~~~
../Core/Src/main.c:347:9: note: include '<stdio.h>' or provide a declaration of 'printf'
../Core/Src/main.c:349:9: warning: incompatible implicit declaration of built-in function 'printf' [-Wbuiltin-declaration-mismatch]
  349 |         printf("ERROR: MPU6050 initialization failed!\r\n");
      |         ^~~~~~
../Core/Src/main.c:349:9: note: include '<stdio.h>' or provide a declaration of 'printf'
../Core/Src/main.c: In function 'Filters_Init':
../Core/Src/main.c:367:5: warning: incompatible implicit declaration of built-in function 'printf' [-Wbuiltin-declaration-mismatch]
  367 |     printf("Low-pass filters initialized!\r\n");
      |     ^~~~~~
../Core/Src/main.c:367:5: note: include '<stdio.h>' or provide a declaration of 'printf'
../Core/Src/main.c: In function 'Kalman_Init':
../Core/Src/main.c:378:5: warning: incompatible implicit declaration of built-in function 'printf' [-Wbuiltin-declaration-mismatch]
  378 |     printf("Kalman filter initialized!\r\n");
      |     ^~~~~~
../Core/Src/main.c:378:5: note: include '<stdio.h>' or provide a declaration of 'printf'
../Core/Src/main.c: In function 'Controllers_Init':
../Core/Src/main.c:392:5: warning: incompatible implicit declaration of built-in function 'printf' [-Wbuiltin-declaration-mismatch]
  392 |     printf("PI controllers initialized!\r\n");
      |     ^~~~~~
../Core/Src/main.c:392:5: note: include '<stdio.h>' or provide a declaration of 'printf'
../Core/Src/main.c: At top level:
../Core/Src/main.c:432:6: warning: conflicting types for 'Update_Motors'; have 'void(void)'
  432 | void Update_Motors(void)
      |      ^~~~~~~~~~~~~
../Core/Src/main.c:324:15: note: previous implicit declaration of 'Update_Motors' with type 'void(void)'
  324 |               Update_Motors();  // Apply PWM to motors
      |               ^~~~~~~~~~~~~
../Core/Src/main.c: In function 'Debug_Print':
../Core/Src/main.c:464:5: warning: incompatible implicit declaration of built-in function 'printf' [-Wbuiltin-declaration-mismatch]
  464 |     printf("\r\n===== SENSOR DATA =====\r\n");
      |     ^~~~~~
../Core/Src/main.c:464:5: note: include '<stdio.h>' or provide a declaration of 'printf'
arm-none-eabi-gcc -o "Testdrone.elf" @"objects.list"   -mcpu=cortex-m4 -T"C:\Users\Najd Ben Saad\Desktop\Github\Projet2A\Testdrone\STM32F407VGTX_FLASH.ld" --specs=nosys.specs -Wl,-Map="Testdrone.map" -Wl,--gc-sections -static -u _printf_float --specs=nano.specs -mfpu=fpv4-sp-d16 -mfloat-abi=hard -mthumb -Wl,--start-group -lc -lm -Wl,--end-group
Finished building target: Testdrone.elf
 
arm-none-eabi-size  Testdrone.elf 
arm-none-eabi-objdump -h -S Testdrone.elf  > "Testdrone.list"
   text	   data	    bss	    dec	    hex	filename
  48344	    468	   2904	  51716	   ca04	Testdrone.elf
Finished building: default.size.stdout
 
Finished building: Testdrone.list
 
17:11:42 **** Incremental Build of configuration Debug for project Testdrone ****
make -j20 all 
arm-none-eabi-size  Testdrone.elf 
   text	   data	    bss	    dec	    hex	filename
  48344	    468	   2904	  51716	   ca04	Testdrone.elf
Finished building: default.size.stdout
 
